\BOOKMARK [0][-]{chapter*.2}{\376\377\000I\000n\000t\000r\000o\000d\000u\000c\000t\000i\000o\000n\000\040\000G\000\351\000n\000\351\000r\000a\000l\000e}{}% 1
\BOOKMARK [0][-]{chapter.1}{\376\377\000C\000a\000d\000r\000e\000\040\000G\000\351\000n\000\351\000r\000a\000l\000\040\000d\000e\000\040\000P\000r\000o\000j\000e\000t}{}% 2
\BOOKMARK [1][-]{section.1.1}{\376\377\000P\000r\000\351\000s\000e\000n\000t\000a\000t\000i\000o\000n\000\040\000d\000e\000\040\000l\040\031\000o\000r\000g\000a\000n\000i\000s\000m\000e\000\040\000d\040\031\000a\000c\000c\000u\000e\000i\000l}{chapter.1}% 3
\BOOKMARK [1][-]{section.1.2}{\376\377\000P\000r\000\351\000s\000e\000n\000t\000a\000t\000i\000o\000n\000\040\000d\000e\000\040\000p\000r\000o\000j\000e\000t}{chapter.1}% 4
\BOOKMARK [2][-]{subsection.1.2.1}{\376\377\000O\000b\000j\000e\000c\000t\000i\000f\000s\000\040\000P\000r\000i\000n\000c\000i\000p\000a\000u\000x}{section.1.2}% 5
\BOOKMARK [2][-]{subsection.1.2.2}{\376\377\000P\000o\000r\000t\000\351\000e\000\040\000e\000t\000\040\000P\000\351\000r\000i\000m\000\350\000t\000r\000e}{section.1.2}% 6
\BOOKMARK [1][-]{section.1.3}{\376\377\000\311\000t\000u\000d\000e\000\040\000d\000e\000\040\000l\040\031\000e\000x\000i\000s\000t\000a\000n\000t}{chapter.1}% 7
\BOOKMARK [2][-]{subsection.1.3.1}{\376\377\000P\000r\000\351\000s\000e\000n\000t\000a\000t\000i\000o\000n\000\040\000d\000e\000\040\000l\040\031\000\351\000t\000u\000d\000e\000\040\000d\000e\000\040\000l\040\031\000e\000x\000i\000s\000t\000a\000n\000t}{section.1.3}% 8
\BOOKMARK [2][-]{subsection.1.3.2}{\376\377\000C\000r\000i\000t\000i\000q\000u\000e\000s\000\040\000d\000e\000\040\000l\040\031\000e\000x\000i\000s\000t\000a\000n\000t}{section.1.3}% 9
\BOOKMARK [1][-]{section.1.4}{\376\377\000S\000o\000l\000u\000t\000i\000o\000n\000\040\000p\000r\000o\000p\000o\000s\000\351\000e}{chapter.1}% 10
\BOOKMARK [2][-]{subsection.1.4.1}{\376\377\000C\000o\000l\000l\000e\000c\000t\000e\000\040\000d\000e\000\040\000d\000o\000n\000n\000\351\000e\000s}{section.1.4}% 11
\BOOKMARK [2][-]{subsection.1.4.2}{\376\377\000G\000e\000s\000t\000i\000o\000n\000\040\000d\000e\000s\000\040\000a\000l\000e\000r\000t\000e\000s\000\040\000b\000a\000s\000\351\000e\000\040\000s\000u\000r\000\040\000d\000e\000s\000\040\000r\000\350\000g\000l\000e\000s}{section.1.4}% 12
\BOOKMARK [1][-]{section.1.5}{\376\377\000O\000b\000j\000e\000c\000t\000i\000f\000s}{chapter.1}% 13
\BOOKMARK [0][-]{chapter.2}{\376\377\000M\000\351\000t\000h\000o\000d\000o\000l\000o\000g\000i\000e\000\040\000a\000d\000o\000p\000t\000\351\000e}{}% 14
\BOOKMARK [1][-]{section.2.1}{\376\377\000C\000h\000o\000i\000x\000\040\000d\000e\000\040\000l\000a\000\040\000m\000\351\000t\000h\000o\000d\000o\000l\000o\000g\000i\000e}{chapter.2}% 15
\BOOKMARK [2][-]{subsection.2.1.1}{\376\377\000C\000o\000m\000p\000a\000r\000a\000i\000s\000o\000n\000\040\000d\000e\000s\000\040\000m\000\351\000t\000h\000o\000d\000o\000l\000o\000g\000i\000e\000s\000\040\000c\000o\000u\000r\000a\000n\000t\000e\000s}{section.2.1}% 16
\BOOKMARK [2][-]{subsection.2.1.2}{\376\377\000R\000a\000t\000i\000o\000n\000a\000l\000e\000\040\000d\000\351\000t\000a\000i\000l\000l\000\351\000\040\000p\000o\000u\000r\000\040\000l\000e\000\040\000c\000h\000o\000i\000x\000\040\000d\000e\000\040\000S\000c\000r\000u\000m}{section.2.1}% 17
\BOOKMARK [1][-]{section.2.2}{\376\377\000P\000r\000\351\000s\000e\000n\000t\000a\000t\000i\000o\000n\000\040\000d\000e\000\040\000S\000c\000r\000u\000m}{chapter.2}% 18
\BOOKMARK [2][-]{subsection.2.2.1}{\376\377\000A\000r\000t\000e\000f\000a\000c\000t\000s\000\040\000S\000c\000r\000u\000m\000\040\000e\000t\000\040\000l\000e\000u\000r\000\040\000a\000p\000p\000l\000i\000c\000a\000t\000i\000o\000n}{section.2.2}% 19
\BOOKMARK [2][-]{subsection.2.2.2}{\376\377\000\311\000v\000\351\000n\000e\000m\000e\000n\000t\000s\000\040\000S\000c\000r\000u\000m\000\040\000e\000t\000\040\000l\000e\000u\000r\000\040\000i\000m\000p\000l\000\351\000m\000e\000n\000t\000a\000t\000i\000o\000n}{section.2.2}% 20
\BOOKMARK [1][-]{section.2.3}{\376\377\000L\000e\000s\000\040\000r\000\364\000l\000e\000s\000\040\000S\000c\000r\000u\000m}{chapter.2}% 21
\BOOKMARK [1][-]{section.2.4}{\376\377\000G\000e\000s\000t\000i\000o\000n\000\040\000d\000e\000s\000\040\000r\000i\000s\000q\000u\000e\000s\000\040\000a\000v\000e\000c\000\040\000S\000c\000r\000u\000m}{chapter.2}% 22
\BOOKMARK [1][-]{section.2.5}{\376\377\000E\000n\000g\000a\000g\000e\000m\000e\000n\000t\000\040\000d\000e\000s\000\040\000p\000a\000r\000t\000i\000e\000s\000\040\000p\000r\000e\000n\000a\000n\000t\000e\000s\000\040\000d\000a\000n\000s\000\040\000S\000c\000r\000u\000m}{chapter.2}% 23
\BOOKMARK [1][-]{section.2.6}{\376\377\000O\000u\000t\000i\000l\000s\000\040\000d\000e\000\040\000s\000u\000p\000p\000o\000r\000t\000\040\000\340\000\040\000S\000c\000r\000u\000m}{chapter.2}% 24
\BOOKMARK [1][-]{section.2.7}{\376\377\000R\000e\000p\000r\000\351\000s\000e\000n\000t\000a\000t\000i\000o\000n\000\040\000v\000i\000s\000u\000e\000l\000l\000e\000\040\000d\000u\000\040\000p\000r\000o\000c\000e\000s\000s\000u\000s\000\040\000S\000c\000r\000u\000m}{chapter.2}% 25
\BOOKMARK [0][-]{chapter.3}{\376\377\000\311\000t\000u\000d\000e\000\040\000a\000r\000c\000h\000i\000t\000e\000c\000t\000u\000r\000a\000l\000e\000\040\000d\000u\000\040\000p\000r\000o\000j\000e\000t}{}% 26
\BOOKMARK [1][-]{section.3.1}{\376\377\000I\000n\000t\000r\000o\000d\000u\000c\000t\000i\000o\000n}{chapter.3}% 27
\BOOKMARK [1][-]{section.3.2}{\376\377\000A\000r\000c\000h\000i\000t\000e\000c\000t\000u\000r\000e\000\040\000g\000l\000o\000b\000a\000l\000e}{chapter.3}% 28
\BOOKMARK [1][-]{section.3.3}{\376\377\000D\000i\000a\000g\000r\000a\000m\000m\000e\000s\000\040\000d\000'\000a\000r\000c\000h\000i\000t\000e\000c\000t\000u\000r\000e}{chapter.3}% 29
\BOOKMARK [2][-]{subsection.3.3.1}{\376\377\000D\000i\000a\000g\000r\000a\000m\000m\000e\000\040\000d\000e\000\040\000d\000\351\000p\000l\000o\000i\000e\000m\000e\000n\000t}{section.3.3}% 30
\BOOKMARK [2][-]{subsection.3.3.2}{\376\377\000D\000i\000a\000g\000r\000a\000m\000m\000e\000\040\000d\000e\000\040\000c\000o\000m\000p\000o\000s\000a\000n\000t\000s}{section.3.3}% 31
\BOOKMARK [1][-]{section.3.4}{\376\377\000J\000u\000s\000t\000i\000f\000i\000c\000a\000t\000i\000o\000n\000\040\000d\000e\000s\000\040\000c\000h\000o\000i\000x\000\040\000t\000e\000c\000h\000n\000o\000l\000o\000g\000i\000q\000u\000e\000s}{chapter.3}% 32
\BOOKMARK [1][-]{section.3.5}{\376\377\000F\000l\000u\000x\000\040\000d\000e\000\040\000d\000o\000n\000n\000\351\000e\000s}{chapter.3}% 33
\BOOKMARK [1][-]{section.3.6}{\376\377\000A\000r\000c\000h\000i\000t\000e\000c\000t\000u\000r\000e\000\040\000p\000h\000y\000s\000i\000q\000u\000e\000\040\000e\000t\000\040\000f\000o\000n\000c\000t\000i\000o\000n\000n\000e\000m\000e\000n\000t}{chapter.3}% 34
\BOOKMARK [2][-]{subsection.3.6.1}{\376\377\000C\000o\000m\000p\000o\000s\000a\000n\000t\000s\000\040\000m\000a\000t\000\351\000r\000i\000e\000l\000s}{section.3.6}% 35
\BOOKMARK [2][-]{subsection.3.6.2}{\376\377\000F\000o\000n\000c\000t\000i\000o\000n\000n\000e\000m\000e\000n\000t}{section.3.6}% 36
\BOOKMARK [2][-]{subsection.3.6.3}{\376\377\000S\000p\000\351\000c\000i\000f\000i\000c\000a\000t\000i\000o\000n\000s\000\040\000l\000o\000g\000i\000c\000i\000e\000l\000l\000e\000s}{section.3.6}% 37
\BOOKMARK [2][-]{subsection.3.6.4}{\376\377\000F\000l\000u\000x\000\040\000d\000e\000\040\000c\000o\000m\000m\000u\000n\000i\000c\000a\000t\000i\000o\000n}{section.3.6}% 38
\BOOKMARK [1][-]{section.3.7}{\376\377\000J\000u\000s\000t\000i\000f\000i\000c\000a\000t\000i\000o\000n\000\040\000d\000e\000\040\000l\000'\000a\000r\000c\000h\000i\000t\000e\000c\000t\000u\000r\000e}{chapter.3}% 39
\BOOKMARK [1][-]{section.3.8}{\376\377\000C\000o\000n\000c\000l\000u\000s\000i\000o\000n}{chapter.3}% 40
\BOOKMARK [0][-]{chapter.4}{\376\377\000S\000p\000r\000i\000n\000t\000\040\0000}{}% 41
\BOOKMARK [1][-]{section.4.1}{\376\377\000I\000n\000t\000r\000o\000d\000u\000c\000t\000i\000o\000n}{chapter.4}% 42
\BOOKMARK [1][-]{section.4.2}{\376\377\000C\000a\000p\000t\000u\000r\000e\000\040\000d\000e\000s\000\040\000b\000e\000s\000o\000i\000n\000s}{chapter.4}% 43
\BOOKMARK [2][-]{subsection.4.2.1}{\376\377\000I\000d\000e\000n\000t\000i\000f\000i\000c\000a\000t\000i\000o\000n\000\040\000d\000e\000s\000\040\000a\000c\000t\000e\000u\000r\000s}{section.4.2}% 44
\BOOKMARK [2][-]{subsection.4.2.2}{\376\377\000B\000e\000s\000o\000i\000n\000s\000\040\000f\000o\000n\000c\000t\000i\000o\000n\000n\000e\000l\000s\000\040\000e\000t\000\040\000n\000o\000n\000\040\000f\000o\000n\000c\000t\000i\000o\000n\000n\000e\000l\000s}{section.4.2}% 45
\BOOKMARK [2][-]{subsection.4.2.3}{\376\377\000D\000i\000a\000g\000r\000a\000m\000m\000e\000\040\000d\000e\000s\000\040\000c\000a\000s\000\040\000d\000'\000u\000t\000i\000l\000i\000s\000a\000t\000i\000o\000n\000\040\000g\000l\000o\000b\000a\000l}{section.4.2}% 46
\BOOKMARK [1][-]{section.4.3}{\376\377\000P\000i\000l\000o\000t\000a\000g\000e\000\040\000d\000u\000\040\000p\000r\000o\000j\000e\000t\000\040\000a\000v\000e\000c\000\040\000S\000c\000r\000u\000m}{chapter.4}% 47
\BOOKMARK [2][-]{subsection.4.3.1}{\376\377\000A\000c\000t\000e\000u\000r\000s\000\040\000S\000c\000r\000u\000m\000\040\000e\000t\000\040\000M\000i\000s\000s\000i\000o\000n\000s}{section.4.3}% 48
\BOOKMARK [2][-]{subsection.4.3.2}{\376\377\000O\000r\000g\000a\000n\000i\000s\000a\000t\000i\000o\000n\000\040\000d\000u\000\040\000B\000a\000c\000k\000l\000o\000g}{section.4.3}% 49
\BOOKMARK [2][-]{subsection.4.3.3}{\376\377\000P\000l\000a\000n\000i\000f\000i\000c\000a\000t\000i\000o\000n\000\040\000d\000e\000s\000\040\000s\000p\000r\000i\000n\000t\000s}{section.4.3}% 50
\BOOKMARK [1][-]{section.4.4}{\376\377\000E\000n\000v\000i\000r\000o\000n\000n\000e\000m\000e\000n\000t\000\040\000d\000e\000\040\000t\000r\000a\000v\000a\000i\000l}{chapter.4}% 51
\BOOKMARK [2][-]{subsection.4.4.1}{\376\377\000E\000n\000v\000i\000r\000o\000n\000n\000e\000m\000e\000n\000t\000\040\000m\000a\000t\000\351\000r\000i\000e\000l}{section.4.4}% 52
\BOOKMARK [2][-]{subsection.4.4.2}{\376\377\000E\000n\000v\000i\000r\000o\000n\000n\000e\000m\000e\000n\000t\000\040\000d\000e\000\040\000d\000\351\000v\000e\000l\000o\000p\000p\000e\000m\000e\000n\000t}{section.4.4}% 53
\BOOKMARK [2][-]{subsection.4.4.3}{\376\377\000E\000n\000v\000i\000r\000o\000n\000n\000e\000m\000e\000n\000t\000\040\000l\000o\000g\000i\000c\000i\000e\000l}{section.4.4}% 54
\BOOKMARK [1][-]{section.4.5}{\376\377\000C\000o\000n\000c\000l\000u\000s\000i\000o\000n}{chapter.4}% 55
\BOOKMARK [0][-]{chapter.5}{\376\377\000S\000p\000r\000i\000n\000t\000\040\0001\000\040\000:\000\040\000C\000r\000\351\000a\000t\000i\000o\000n\000\040\000d\000u\000\040\000d\000a\000t\000a\000s\000e\000t\000\040\000e\000t\000\040\000m\000i\000s\000e\000\040\000e\000n\000\040\000p\000l\000a\000c\000e\000\040\000d\000u\000\040\000p\000i\000p\000e\000l\000i\000n\000e\000\040\000O\000C\000R}{}% 56
\BOOKMARK [1][-]{section.5.1}{\376\377\000I\000n\000t\000r\000o\000d\000u\000c\000t\000i\000o\000n}{chapter.5}% 57
\BOOKMARK [1][-]{section.5.2}{\376\377\000O\000b\000j\000e\000c\000t\000i\000f\000s\000\040\000d\000u\000\040\000S\000p\000r\000i\000n\000t\000\040\0001}{chapter.5}% 58
\BOOKMARK [1][-]{section.5.3}{\376\377\000T\000\342\000c\000h\000e\000s\000\040\000r\000\351\000a\000l\000i\000s\000\351\000e\000s}{chapter.5}% 59
\BOOKMARK [2][-]{subsection.5.3.1}{\376\377\000C\000a\000p\000t\000u\000r\000e\000\040\000e\000t\000\040\000a\000n\000n\000o\000t\000a\000t\000i\000o\000n\000\040\000d\000e\000s\000\040\000i\000m\000a\000g\000e\000s}{section.5.3}% 60
\BOOKMARK [2][-]{subsection.5.3.2}{\376\377\000E\000n\000t\000r\000a\000\356\000n\000e\000m\000e\000n\000t\000\040\000d\000u\000\040\000m\000o\000d\000\350\000l\000e\000\040\000Y\000O\000L\000O\000v\0008}{section.5.3}% 61
\BOOKMARK [2][-]{subsection.5.3.3}{\376\377\000M\000i\000s\000e\000\040\000e\000n\000\040\000p\000l\000a\000c\000e\000\040\000d\000u\000\040\000p\000i\000p\000e\000l\000i\000n\000e\000\040\000O\000C\000R}{section.5.3}% 62
\BOOKMARK [2][-]{subsection.5.3.4}{\376\377\000C\000o\000n\000f\000i\000g\000u\000r\000a\000t\000i\000o\000n\000\040\000d\000e\000s\000\040\000c\000a\000m\000\351\000r\000a\000s\000\040\000I\000P}{section.5.3}% 63
\BOOKMARK [1][-]{section.5.4}{\376\377\000L\000i\000v\000r\000a\000b\000l\000e\000s\000\040\000d\000u\000\040\000S\000p\000r\000i\000n\000t\000\040\0001}{chapter.5}% 64
\BOOKMARK [1][-]{section.5.5}{\376\377\000T\000e\000s\000t\000s\000\040\000e\000t\000\040\000v\000a\000l\000i\000d\000a\000t\000i\000o\000n}{chapter.5}% 65
\BOOKMARK [1][-]{section.5.6}{\376\377\000D\000\351\000f\000i\000s\000\040\000e\000t\000\040\000s\000o\000l\000u\000t\000i\000o\000n\000s}{chapter.5}% 66
\BOOKMARK [1][-]{section.5.7}{\376\377\000R\000\351\000t\000r\000o\000s\000p\000e\000c\000t\000i\000v\000e\000\040\000d\000u\000\040\000S\000p\000r\000i\000n\000t\000\040\0001}{chapter.5}% 67
\BOOKMARK [1][-]{section.5.8}{\376\377\000C\000o\000n\000c\000l\000u\000s\000i\000o\000n}{chapter.5}% 68
